copying tickets     ... 7 files
copying incidents   ... 1 file
copying tuning      ... 1 file
copying metrics     ... 2 files
copying reports     ... 1 file
copying spec        ... 1 file
copying runtime     ... 12 files
MANIFEST.json       : 25 entries
sanity check        : ok
triage_package/ ready
copying tickets     ... 7 files
copying incidents   ... 1 file
copying tuning      ... 1 file
copying metrics     ... 2 files
copying reports     ... 1 file
copying spec        ... 1 file
copying runtime     ... 12 files
MANIFEST.json       : 25 entries
sanity check        : ok
triage_package/ ready
